// Vitest Snapshot v1

exports[`Return a nice list with all holidays for 2020 1`] = `
[
  {
    "date": 2020-01-01T00:00:00.000Z,
    "day": 1,
    "isPublicHoliday": true,
    "month": 1,
    "name": "Nyårsdagen",
    "year": 2020,
  },
  {
    "date": 2020-01-05T00:00:00.000Z,
    "day": 5,
    "isPublicHoliday": false,
    "month": 1,
    "name": "Trettondagsafton",
    "year": 2020,
  },
  {
    "date": 2020-01-06T00:00:00.000Z,
    "day": 6,
    "isPublicHoliday": true,
    "month": 1,
    "name": "Trettondedag jul",
    "year": 2020,
  },
  {
    "date": 2020-04-09T00:00:00.000Z,
    "day": 9,
    "isPublicHoliday": false,
    "month": 4,
    "name": "Skärtorsdagen",
    "year": 2020,
  },
  {
    "date": 2020-04-10T00:00:00.000Z,
    "day": 10,
    "isPublicHoliday": true,
    "month": 4,
    "name": "Långfredagen",
    "year": 2020,
  },
  {
    "date": 2020-04-11T00:00:00.000Z,
    "day": 11,
    "isPublicHoliday": false,
    "month": 4,
    "name": "Påskafton",
    "year": 2020,
  },
  {
    "date": 2020-04-12T00:00:00.000Z,
    "day": 12,
    "isPublicHoliday": true,
    "month": 4,
    "name": "Påskdagen",
    "year": 2020,
  },
  {
    "date": 2020-04-13T00:00:00.000Z,
    "day": 13,
    "isPublicHoliday": true,
    "month": 4,
    "name": "Annandag påsk",
    "year": 2020,
  },
  {
    "date": 2020-04-30T00:00:00.000Z,
    "day": 30,
    "isPublicHoliday": false,
    "month": 4,
    "name": "Valborgsmässoafton",
    "year": 2020,
  },
  {
    "date": 2020-05-01T00:00:00.000Z,
    "day": 1,
    "isPublicHoliday": true,
    "month": 5,
    "name": "Första maj",
    "year": 2020,
  },
  {
    "date": 2020-05-21T00:00:00.000Z,
    "day": 21,
    "isPublicHoliday": true,
    "month": 5,
    "name": "Kristi himmelsfärdsdag",
    "year": 2020,
  },
  {
    "date": 2020-05-30T00:00:00.000Z,
    "day": 30,
    "isPublicHoliday": false,
    "month": 5,
    "name": "Pingstafton",
    "year": 2020,
  },
  {
    "date": 2020-05-31T00:00:00.000Z,
    "day": 31,
    "isPublicHoliday": true,
    "month": 5,
    "name": "Pingstdagen",
    "year": 2020,
  },
  {
    "date": 2020-06-06T00:00:00.000Z,
    "day": 6,
    "isPublicHoliday": true,
    "month": 6,
    "name": "Sveriges nationaldag",
    "year": 2020,
  },
  {
    "date": 2020-06-19T00:00:00.000Z,
    "day": 19,
    "isPublicHoliday": false,
    "month": 6,
    "name": "Midsommarafton",
    "year": 2020,
  },
  {
    "date": 2020-06-20T00:00:00.000Z,
    "day": 20,
    "isPublicHoliday": true,
    "month": 6,
    "name": "Midsommardagen",
    "year": 2020,
  },
  {
    "date": 2020-10-30T00:00:00.000Z,
    "day": 30,
    "isPublicHoliday": false,
    "month": 10,
    "name": "Allhelgonaafton",
    "year": 2020,
  },
  {
    "date": 2020-10-31T00:00:00.000Z,
    "day": 31,
    "isPublicHoliday": true,
    "month": 10,
    "name": "Alla helgons dag",
    "year": 2020,
  },
  {
    "date": 2020-12-24T00:00:00.000Z,
    "day": 24,
    "isPublicHoliday": false,
    "month": 12,
    "name": "Julafton",
    "year": 2020,
  },
  {
    "date": 2020-12-25T00:00:00.000Z,
    "day": 25,
    "isPublicHoliday": true,
    "month": 12,
    "name": "Juldagen",
    "year": 2020,
  },
  {
    "date": 2020-12-26T00:00:00.000Z,
    "day": 26,
    "isPublicHoliday": true,
    "month": 12,
    "name": "Annandag jul",
    "year": 2020,
  },
  {
    "date": 2020-12-31T00:00:00.000Z,
    "day": 31,
    "isPublicHoliday": false,
    "month": 12,
    "name": "Nyårsafton",
    "year": 2020,
  },
]
`;
